Archive member included to satisfy reference by file (symbol)

C:/ST/STM32CubeIDE_1.13.1/STM32CubeIDE/plugins/com.st.stm32cube.ide.mcu.externaltools.gnu-tools-for-stm32.11.3.rel1.win32_1.1.0.202305231506/tools/bin/../lib/gcc/arm-none-eabi/11.3.1/../../../../arm-none-eabi/lib/thumb/v7e-m+fp/hard\libc_nano.a(libc_a-exit.o)
                              C:/ST/STM32CubeIDE_1.13.1/STM32CubeIDE/plugins/com.st.stm32cube.ide.mcu.externaltools.gnu-tools-for-stm32.11.3.rel1.win32_1.1.0.202305231506/tools/bin/../lib/gcc/arm-none-eabi/11.3.1/../../../../arm-none-eabi/lib/thumb/v7e-m+fp/hard/crt0.o (exit)
C:/ST/STM32CubeIDE_1.13.1/STM32CubeIDE/plugins/com.st.stm32cube.ide.mcu.externaltools.gnu-tools-for-stm32.11.3.rel1.win32_1.1.0.202305231506/tools/bin/../lib/gcc/arm-none-eabi/11.3.1/../../../../arm-none-eabi/lib/thumb/v7e-m+fp/hard\libc_nano.a(libc_a-findfp.o)
                              C:/ST/STM32CubeIDE_1.13.1/STM32CubeIDE/plugins/com.st.stm32cube.ide.mcu.externaltools.gnu-tools-for-stm32.11.3.rel1.win32_1.1.0.202305231506/tools/bin/../lib/gcc/arm-none-eabi/11.3.1/../../../../arm-none-eabi/lib/thumb/v7e-m+fp/hard\libc_nano.a(libc_a-exit.o) (__stdio_exit_handler)
C:/ST/STM32CubeIDE_1.13.1/STM32CubeIDE/plugins/com.st.stm32cube.ide.mcu.externaltools.gnu-tools-for-stm32.11.3.rel1.win32_1.1.0.202305231506/tools/bin/../lib/gcc/arm-none-eabi/11.3.1/../../../../arm-none-eabi/lib/thumb/v7e-m+fp/hard\libc_nano.a(libc_a-fwalk.o)
                              C:/ST/STM32CubeIDE_1.13.1/STM32CubeIDE/plugins/com.st.stm32cube.ide.mcu.externaltools.gnu-tools-for-stm32.11.3.rel1.win32_1.1.0.202305231506/tools/bin/../lib/gcc/arm-none-eabi/11.3.1/../../../../arm-none-eabi/lib/thumb/v7e-m+fp/hard\libc_nano.a(libc_a-findfp.o) (_fwalk_sglue)
C:/ST/STM32CubeIDE_1.13.1/STM32CubeIDE/plugins/com.st.stm32cube.ide.mcu.externaltools.gnu-tools-for-stm32.11.3.rel1.win32_1.1.0.202305231506/tools/bin/../lib/gcc/arm-none-eabi/11.3.1/../../../../arm-none-eabi/lib/thumb/v7e-m+fp/hard\libc_nano.a(libc_a-stdio.o)
                              C:/ST/STM32CubeIDE_1.13.1/STM32CubeIDE/plugins/com.st.stm32cube.ide.mcu.externaltools.gnu-tools-for-stm32.11.3.rel1.win32_1.1.0.202305231506/tools/bin/../lib/gcc/arm-none-eabi/11.3.1/../../../../arm-none-eabi/lib/thumb/v7e-m+fp/hard\libc_nano.a(libc_a-findfp.o) (__sread)
C:/ST/STM32CubeIDE_1.13.1/STM32CubeIDE/plugins/com.st.stm32cube.ide.mcu.externaltools.gnu-tools-for-stm32.11.3.rel1.win32_1.1.0.202305231506/tools/bin/../lib/gcc/arm-none-eabi/11.3.1/../../../../arm-none-eabi/lib/thumb/v7e-m+fp/hard\libc_nano.a(libc_a-memset.o)
                              C:/ST/STM32CubeIDE_1.13.1/STM32CubeIDE/plugins/com.st.stm32cube.ide.mcu.externaltools.gnu-tools-for-stm32.11.3.rel1.win32_1.1.0.202305231506/tools/bin/../lib/gcc/arm-none-eabi/11.3.1/../../../../arm-none-eabi/lib/thumb/v7e-m+fp/hard/crt0.o (memset)
C:/ST/STM32CubeIDE_1.13.1/STM32CubeIDE/plugins/com.st.stm32cube.ide.mcu.externaltools.gnu-tools-for-stm32.11.3.rel1.win32_1.1.0.202305231506/tools/bin/../lib/gcc/arm-none-eabi/11.3.1/../../../../arm-none-eabi/lib/thumb/v7e-m+fp/hard\libc_nano.a(libc_a-closer.o)
                              C:/ST/STM32CubeIDE_1.13.1/STM32CubeIDE/plugins/com.st.stm32cube.ide.mcu.externaltools.gnu-tools-for-stm32.11.3.rel1.win32_1.1.0.202305231506/tools/bin/../lib/gcc/arm-none-eabi/11.3.1/../../../../arm-none-eabi/lib/thumb/v7e-m+fp/hard\libc_nano.a(libc_a-stdio.o) (_close_r)
C:/ST/STM32CubeIDE_1.13.1/STM32CubeIDE/plugins/com.st.stm32cube.ide.mcu.externaltools.gnu-tools-for-stm32.11.3.rel1.win32_1.1.0.202305231506/tools/bin/../lib/gcc/arm-none-eabi/11.3.1/../../../../arm-none-eabi/lib/thumb/v7e-m+fp/hard\libc_nano.a(libc_a-reent.o)
                              C:/ST/STM32CubeIDE_1.13.1/STM32CubeIDE/plugins/com.st.stm32cube.ide.mcu.externaltools.gnu-tools-for-stm32.11.3.rel1.win32_1.1.0.202305231506/tools/bin/../lib/gcc/arm-none-eabi/11.3.1/../../../../arm-none-eabi/lib/thumb/v7e-m+fp/hard\libc_nano.a(libc_a-closer.o) (errno)
C:/ST/STM32CubeIDE_1.13.1/STM32CubeIDE/plugins/com.st.stm32cube.ide.mcu.externaltools.gnu-tools-for-stm32.11.3.rel1.win32_1.1.0.202305231506/tools/bin/../lib/gcc/arm-none-eabi/11.3.1/../../../../arm-none-eabi/lib/thumb/v7e-m+fp/hard\libc_nano.a(libc_a-impure.o)
                              C:/ST/STM32CubeIDE_1.13.1/STM32CubeIDE/plugins/com.st.stm32cube.ide.mcu.externaltools.gnu-tools-for-stm32.11.3.rel1.win32_1.1.0.202305231506/tools/bin/../lib/gcc/arm-none-eabi/11.3.1/../../../../arm-none-eabi/lib/thumb/v7e-m+fp/hard\libc_nano.a(libc_a-reent.o) (_impure_ptr)
C:/ST/STM32CubeIDE_1.13.1/STM32CubeIDE/plugins/com.st.stm32cube.ide.mcu.externaltools.gnu-tools-for-stm32.11.3.rel1.win32_1.1.0.202305231506/tools/bin/../lib/gcc/arm-none-eabi/11.3.1/../../../../arm-none-eabi/lib/thumb/v7e-m+fp/hard\libc_nano.a(libc_a-lseekr.o)
[...]
Memory Configuration

Name             Origin             Length             Attributes
CCMRAM           0x0000000010000000 0x0000000000010000 xrw
RAM              0x0000000020000000 0x0000000000020000 xrw
FLASH            0x0000000008000000 0x0000000000100000 xr
*default*        0x0000000000000000 0xffffffffffffffff

Linker script and memory map

LOAD C:/ST/STM32CubeIDE_1.13.1/STM32CubeIDE/plugins/com.st.stm32cube.ide.mcu.externaltools.gnu-tools-for-stm32.11.3.rel1.win32_1.1.0.202305231506/tools/bin/../lib/gcc/arm-none-eabi/11.3.1/thumb/v7e-m+fp/hard/crti.o
LOAD C:/ST/STM32CubeIDE_1.13.1/STM32CubeIDE/plugins/com.st.stm32cube.ide.mcu.externaltools.gnu-tools-for-stm32.11.3.rel1.win32_1.1.0.202305231506/tools/bin/../lib/gcc/arm-none-eabi/11.3.1/thumb/v7e-m+fp/hard/crtbegin.o
LOAD C:/ST/STM32CubeIDE_1.13.1/STM32CubeIDE/plugins/com.st.stm32cube.ide.mcu.externaltools.gnu-tools-for-stm32.11.3.rel1.win32_1.1.0.202305231506/tools/bin/../lib/gcc/arm-none-eabi/11.3.1/../../../../arm-none-eabi/lib/thumb/v7e-m+fp/hard/crt0.o
LOAD ./Src/adxl.o
LOAD ./Src/i2c.o
LOAD ./Src/main.o
LOAD ./Src/spi.o
LOAD ./Src/syscalls.o
LOAD ./Src/sysmem.o
LOAD ./Src/uart.o
LOAD ./Startup/startup_stm32f407vgtx.o
START GROUP
LOAD C:/ST/STM32CubeIDE_1.13.1/STM32CubeIDE/plugins/com.st.stm32cube.ide.mcu.externaltools.gnu-tools-for-stm32.11.3.rel1.win32_1.1.0.202305231506/tools/bin/../lib/gcc/arm-none-eabi/11.3.1/../../../../arm-none-eabi/lib/thumb/v7e-m+fp/hard\libc_nano.a
LOAD C:/ST/STM32CubeIDE_1.13.1/STM32CubeIDE/plugins/com.st.stm32cube.ide.mcu.externaltools.gnu-tools-for-stm32.11.3.rel1.win32_1.1.0.202305231506/tools/bin/../lib/gcc/arm-none-eabi/11.3.1/../../../../arm-none-eabi/lib/thumb/v7e-m+fp/hard\libm.a
END GROUP
START GROUP
LOAD C:/ST/STM32CubeIDE_1.13.1/STM32CubeIDE/plugins/com.st.stm32cube.ide.mcu.externaltools.gnu-tools-for-stm32.11.3.rel1.win32_1.1.0.202305231506/tools/bin/../lib/gcc/arm-none-eabi/11.3.1/thumb/v7e-m+fp/hard\libgcc.a
LOAD C:/ST/STM32CubeIDE_1.13.1/STM32CubeIDE/plugins/com.st.stm32cube.ide.mcu.externaltools.gnu-tools-for-stm32.11.3.rel1.win32_1.1.0.202305231506/tools/bin/../lib/gcc/arm-none-eabi/11.3.1/../../../../arm-none-eabi/lib/thumb/v7e-m+fp/hard\libc_nano.a
END GROUP
START GROUP
LOAD C:/ST/STM32CubeIDE_1.13.1/STM32CubeIDE/plugins/com.st.stm32cube.ide.mcu.externaltools.gnu-tools-for-stm32.11.3.rel1.win32_1.1.0.202305231506/tools/bin/../lib/gcc/arm-none-eabi/11.3.1/thumb/v7e-m+fp/hard\libgcc.a
LOAD C:/ST/STM32CubeIDE_1.13.1/STM32CubeIDE/plugins/com.st.stm32cube.ide.mcu.externaltools.gnu-tools-for-stm32.11.3.rel1.win32_1.1.0.202305231506/tools/bin/../lib/gcc/arm-none-eabi/11.3.1/../../../../arm-none-eabi/lib/thumb/v7e-m+fp/hard\libc_nano.a
LOAD C:/ST/STM32CubeIDE_1.13.1/STM32CubeIDE/plugins/com.st.stm32cube.ide.mcu.externaltools.gnu-tools-for-stm32.11.3.rel1.win32_1.1.0.202305231506/tools/bin/../lib/gcc/arm-none-eabi/11.3.1/../../../../arm-none-eabi/lib/thumb/v7e-m+fp/hard\libnosys.a
END GROUP
START GROUP
LOAD C:/ST/STM32CubeIDE_1.13.1/STM32CubeIDE/plugins/com.st.stm32cube.ide.mcu.externaltools.gnu-tools-for-stm32.11.3.rel1.win32_1.1.0.202305231506/tools/bin/../lib/gcc/arm-none-eabi/11.3.1/thumb/v7e-m+fp/hard\libgcc.a
LOAD C:/ST/STM32CubeIDE_1.13.1/STM32CubeIDE/plugins/com.st.stm32cube.ide.mcu.externaltools.gnu-tools-for-stm32.11.3.rel1.win32_1.1.0.202305231506/tools/bin/../lib/gcc/arm-none-eabi/11.3.1/../../../../arm-none-eabi/lib/thumb/v7e-m+fp/hard\libc_nano.a
LOAD C:/ST/STM32CubeIDE_1.13.1/STM32CubeIDE/plugins/com.st.stm32cube.ide.mcu.externaltools.gnu-tools-for-stm32.11.3.rel1.win32_1.1.0.202305231506/tools/bin/../lib/gcc/arm-none-eabi/11.3.1/../../../../arm-none-eabi/lib/thumb/v7e-m+fp/hard\libnosys.a
END GROUP
LOAD C:/ST/STM32CubeIDE_1.13.1/STM32CubeIDE/plugins/com.st.stm32cube.ide.mcu.externaltools.gnu-tools-for-stm32.11.3.rel1.win32_1.1.0.202305231506/tools/bin/../lib/gcc/arm-none-eabi/11.3.1/thumb/v7e-m+fp/hard/crtend.o
LOAD C:/ST/STM32CubeIDE_1.13.1/STM32CubeIDE/plugins/com.st.stm32cube.ide.mcu.externaltools.gnu-tools-for-stm32.11.3.rel1.win32_1.1.0.202305231506/tools/bin/../lib/gcc/arm-none-eabi/11.3.1/thumb/v7e-m+fp/hard/crtn.o
                0x0000000020020000                _estack = (ORIGIN (RAM) + LENGTH (RAM))
                0x0000000000000200                _Min_Heap_Size = 0x200
                0x0000000000000400                _Min_Stack_Size = 0x400

.isr_vector     0x0000000008000000      0x1a8
                0x0000000008000000                . = ALIGN (0x4)
 *(.isr_vector)
 .isr_vector    0x0000000008000000      0x1a8 ./Startup/startup_stm32f407vgtx.o
                0x0000000008000000                g_pfnVectors
                0x00000000080001a8                . = ALIGN (0x4)

.text           0x00000000080001a8      0x514
                0x00000000080001a8                . = ALIGN (0x4)
 *(.text)
 .text          0x00000000080001a8       0x40 C:/ST/STM32CubeIDE_1.13.1/STM32CubeIDE/plugins/com.st.stm32cube.ide.mcu.externaltools.gnu-tools-for-stm32.11.3.rel1.win32_1.1.0.202305231506/tools/bin/../lib/gcc/arm-none-eabi/11.3.1/thumb/v7e-m+fp/hard/crtbegin.o
 *(.text*)
 .text.adxl_read_address
                0x00000000080001e8       0x3a ./Src/adxl.o
                0x00000000080001e8                adxl_read_address
 .text.adxl_write
                0x0000000008000222       0x3a ./Src/adxl.o
                0x0000000008000222                adxl_write
 .text.adxl_init
                0x000000000800025c       0x28 ./Src/adxl.o
                0x000000000800025c                adxl_init
 .text.main     0x0000000008000284       0xc8 ./Src/main.o
                0x0000000008000284                main
 .text.spi_gpio_init
                0x000000000800034c      0x114 ./Src/spi.o
                0x000000000800034c                spi_gpio_init
 .text.spi1_config
                0x0000000008000460       0xa8 ./Src/spi.o
                0x0000000008000460                spi1_config
 .text.spi1_transmit
                0x0000000008000508       0x74 ./Src/spi.o
                0x0000000008000508                spi1_transmit
 .text.spi1_receive
                0x000000000800057c       0x4c ./Src/spi.o
                0x000000000800057c                spi1_receive
 .text.cs_enable
                0x00000000080005c8       0x20 ./Src/spi.o
                0x00000000080005c8                cs_enable
 .text.cs_disable
                0x00000000080005e8       0x20 ./Src/spi.o
                0x00000000080005e8                cs_disable
 .text.Reset_Handler
                0x0000000008000608       0x50 ./Startup/startup_stm32f407vgtx.o
                0x0000000008000608                Reset_Handler
 .text.Default_Handler
                0x0000000008000658        0x2 ./Startup/startup_stm32f407vgtx.o
                0x0000000008000658                RTC_Alarm_IRQHandler
                0x0000000008000658                HASH_RNG_IRQHandler
                0x0000000008000658                EXTI2_IRQHandler
                0x0000000008000658                TIM8_CC_IRQHandler
                0x0000000008000658                DebugMon_Handler
                0x0000000008000658                TIM1_CC_IRQHandler
                0x0000000008000658                DMA2_Stream5_IRQHandler
                0x0000000008000658                HardFault_Handler
                0x0000000008000658                DMA1_Stream5_IRQHandler
                0x0000000008000658                SysTick_Handler
                0x0000000008000658                PVD_IRQHandler
                0x0000000008000658                SDIO_IRQHandler
                0x0000000008000658                TAMP_STAMP_IRQHandler
                0x0000000008000658                PendSV_Handler
                0x0000000008000658                NMI_Handler
                0x0000000008000658                CAN2_RX1_IRQHandler
                0x0000000008000658                EXTI3_IRQHandler
                0x0000000008000658                TIM8_TRG_COM_TIM14_IRQHandler
                0x0000000008000658                TIM1_UP_TIM10_IRQHandler
                0x0000000008000658                TIM8_UP_TIM13_IRQHandler
                0x0000000008000658                I2C3_ER_IRQHandler
                0x0000000008000658                LCD_TFT_IRQHandler
                0x0000000008000658                EXTI0_IRQHandler
                0x0000000008000658                I2C2_EV_IRQHandler
                0x0000000008000658                DMA1_Stream2_IRQHandler
                0x0000000008000658                CAN1_RX0_IRQHandler
                0x0000000008000658                FPU_IRQHandler
                0x0000000008000658                OTG_HS_WKUP_IRQHandler
                0x0000000008000658                UsageFault_Handler
                0x0000000008000658                CAN2_SCE_IRQHandler
                0x0000000008000658                DMA2_Stream2_IRQHandler
                0x0000000008000658                SPI1_IRQHandler
                0x0000000008000658                TIM6_DAC_IRQHandler
                0x0000000008000658                TIM1_BRK_TIM9_IRQHandler
                0x0000000008000658                DCMI_IRQHandler
                0x0000000008000658                CAN2_RX0_IRQHandler
                0x0000000008000658                DMA2_Stream3_IRQHandler
                0x0000000008000658                USART6_IRQHandler
                0x0000000008000658                USART3_IRQHandler
                0x0000000008000658                CRYP_IRQHandler
                0x0000000008000658                CAN1_RX1_IRQHandler
                0x0000000008000658                UART5_IRQHandler
                0x0000000008000658                DMA2_Stream0_IRQHandler
                0x0000000008000658                TIM4_IRQHandler
                0x0000000008000658                I2C1_EV_IRQHandler
                0x0000000008000658                DMA1_Stream6_IRQHandler
                0x0000000008000658                DMA1_Stream1_IRQHandler
                0x0000000008000658                UART4_IRQHandler
                0x0000000008000658                LCD_TFT_1_IRQHandler
                0x0000000008000658                TIM3_IRQHandler
                0x0000000008000658                RCC_IRQHandler
                0x0000000008000658                TIM8_BRK_TIM12_IRQHandler
                0x0000000008000658                Default_Handler
                0x0000000008000658                EXTI15_10_IRQHandler
                0x0000000008000658                ADC_IRQHandler
                0x0000000008000658                DMA1_Stream7_IRQHandler
                0x0000000008000658                TIM7_IRQHandler
                0x0000000008000658                CAN2_TX_IRQHandler
                0x0000000008000658                TIM5_IRQHandler
                0x0000000008000658                DMA2_Stream7_IRQHandler
                0x0000000008000658                I2C3_EV_IRQHandler
                0x0000000008000658                EXTI9_5_IRQHandler
                0x0000000008000658                RTC_WKUP_IRQHandler
                0x0000000008000658                ETH_WKUP_IRQHandler
                0x0000000008000658                SPI2_IRQHandler
                0x0000000008000658                OTG_HS_EP1_IN_IRQHandler
                0x0000000008000658                MemManage_Handler
                0x0000000008000658                DMA1_Stream0_IRQHandler
                0x0000000008000658                CAN1_TX_IRQHandler
                0x0000000008000658                SVC_Handler
                0x0000000008000658                EXTI4_IRQHandler
                0x0000000008000658                FSMC_IRQHandler
                0x0000000008000658                ETH_IRQHandler
                0x0000000008000658                OTG_HS_EP1_OUT_IRQHandler
                0x0000000008000658                WWDG_IRQHandler
                0x0000000008000658                TIM2_IRQHandler
                0x0000000008000658                OTG_FS_WKUP_IRQHandler
                0x0000000008000658                TIM1_TRG_COM_TIM11_IRQHandler
                0x0000000008000658                OTG_HS_IRQHandler
                0x0000000008000658                EXTI1_IRQHandler
                0x0000000008000658                USART2_IRQHandler
                0x0000000008000658                I2C2_ER_IRQHandler
                0x0000000008000658                DMA2_Stream1_IRQHandler
                0x0000000008000658                CAN1_SCE_IRQHandler
                0x0000000008000658                DMA2_Stream4_IRQHandler
                0x0000000008000658                BusFault_Handler
                0x0000000008000658                USART1_IRQHandler
                0x0000000008000658                OTG_FS_IRQHandler
                0x0000000008000658                SPI3_IRQHandler
                0x0000000008000658                DMA1_Stream4_IRQHandler
                0x0000000008000658                I2C1_ER_IRQHandler
                0x0000000008000658                DMA2_Stream6_IRQHandler
                0x0000000008000658                DMA1_Stream3_IRQHandler
 *fill*         0x000000000800065a        0x2 
 .text.__libc_init_array
                0x000000000800065c       0x48 C:/ST/STM32CubeIDE_1.13.1/STM32CubeIDE/plugins/com.st.stm32cube.ide.mcu.externaltools.gnu-tools-for-stm32.11.3.rel1.win32_1.1.0.202305231506/tools/bin/../lib/gcc/arm-none-eabi/11.3.1/../../../../arm-none-eabi/lib/thumb/v7e-m+fp/hard\libc_nano.a(libc_a-init.o)
                0x000000000800065c                __libc_init_array
 *(.glue_7)
 .glue_7        0x00000000080006a4        0x0 linker stubs
 *(.glue_7t)
 .glue_7t       0x00000000080006a4        0x0 linker stubs
 *(.eh_frame)
 .eh_frame      0x00000000080006a4        0x0 C:/ST/STM32CubeIDE_1.13.1/STM32CubeIDE/plugins/com.st.stm32cube.ide.mcu.externaltools.gnu-tools-for-stm32.11.3.rel1.win32_1.1.0.202305231506/tools/bin/../lib/gcc/arm-none-eabi/11.3.1/thumb/v7e-m+fp/hard/crtbegin.o
 *(.init)
 .init          0x00000000080006a4        0x4 C:/ST/STM32CubeIDE_1.13.1/STM32CubeIDE/plugins/com.st.stm32cube.ide.mcu.externaltools.gnu-tools-for-stm32.11.3.rel1.win32_1.1.0.202305231506/tools/bin/../lib/gcc/arm-none-eabi/11.3.1/thumb/v7e-m+fp/hard/crti.o
                0x00000000080006a4                _init
 .init          0x00000000080006a8        0x8 C:/ST/STM32CubeIDE_1.13.1/STM32CubeIDE/plugins/com.st.stm32cube.ide.mcu.externaltools.gnu-tools-for-stm32.11.3.rel1.win32_1.1.0.202305231506/tools/bin/../lib/gcc/arm-none-eabi/11.3.1/thumb/v7e-m+fp/hard/crtn.o
 *(.fini)
 .fini          0x00000000080006b0        0x4 C:/ST/STM32CubeIDE_1.13.1/STM32CubeIDE/plugins/com.st.stm32cube.ide.mcu.externaltools.gnu-tools-for-stm32.11.3.rel1.win32_1.1.0.202305231506/tools/bin/../lib/gcc/arm-none-eabi/11.3.1/thumb/v7e-m+fp/hard/crti.o
                0x00000000080006b0                _fini
 .fini          0x00000000080006b4        0x8 C:/ST/STM32CubeIDE_1.13.1/STM32CubeIDE/plugins/com.st.stm32cube.ide.mcu.externaltools.gnu-tools-for-stm32.11.3.rel1.win32_1.1.0.202305231506/tools/bin/../lib/gcc/arm-none-eabi/11.3.1/thumb/v7e-m+fp/hard/crtn.o
                0x00000000080006bc                . = ALIGN (0x4)
                0x00000000080006bc                _etext = .

.vfp11_veneer   0x00000000080006bc        0x0
 .vfp11_veneer  0x00000000080006bc        0x0 linker stubs

.v4_bx          0x00000000080006bc        0x0
 .v4_bx         0x00000000080006bc        0x0 linker stubs

.iplt           0x00000000080006bc        0x0
 .iplt          0x00000000080006bc        0x0 C:/ST/STM32CubeIDE_1.13.1/STM32CubeIDE/plugins/com.st.stm32cube.ide.mcu.externaltools.gnu-tools-for-stm32.11.3.rel1.win32_1.1.0.202305231506/tools/bin/../lib/gcc/arm-none-eabi/11.3.1/thumb/v7e-m+fp/hard/crtbegin.o

.rel.dyn        0x00000000080006bc        0x0
 .rel.iplt      0x00000000080006bc        0x0 C:/ST/STM32CubeIDE_1.13.1/STM32CubeIDE/plugins/com.st.stm32cube.ide.mcu.externaltools.gnu-tools-for-stm32.11.3.rel1.win32_1.1.0.202305231506/tools/bin/../lib/gcc/arm-none-eabi/11.3.1/thumb/v7e-m+fp/hard/crtbegin.o

.rodata         0x00000000080006bc        0x0
                0x00000000080006bc                . = ALIGN (0x4)
 *(.rodata)
 *(.rodata*)
                0x00000000080006bc                . = ALIGN (0x4)

.ARM.extab      0x00000000080006bc        0x0
                0x00000000080006bc                . = ALIGN (0x4)
 *(.ARM.extab* .gnu.linkonce.armextab.*)
                0x00000000080006bc                . = ALIGN (0x4)

.ARM            0x00000000080006bc        0x0
                0x00000000080006bc                . = ALIGN (0x4)
                0x00000000080006bc                __exidx_start = .
 *(.ARM.exidx*)
                0x00000000080006bc                __exidx_end = .
                0x00000000080006bc                . = ALIGN (0x4)

.preinit_array  0x00000000080006bc        0x0
                0x00000000080006bc                . = ALIGN (0x4)
                0x00000000080006bc                PROVIDE (__preinit_array_start = .)
 *(.preinit_array*)
                0x00000000080006bc                PROVIDE (__preinit_array_end = .)
                0x00000000080006bc                . = ALIGN (0x4)

.init_array     0x00000000080006bc        0x4
                0x00000000080006bc                . = ALIGN (0x4)
                0x00000000080006bc                PROVIDE (__init_array_start = .)
 *(SORT_BY_NAME(.init_array.*))
 *(.init_array*)
 .init_array    0x00000000080006bc        0x4 C:/ST/STM32CubeIDE_1.13.1/STM32CubeIDE/plugins/com.st.stm32cube.ide.mcu.externaltools.gnu-tools-for-stm32.11.3.rel1.win32_1.1.0.202305231506/tools/bin/../lib/gcc/arm-none-eabi/11.3.1/thumb/v7e-m+fp/hard/crtbegin.o
                0x00000000080006c0                PROVIDE (__init_array_end = .)
                0x00000000080006c0                . = ALIGN (0x4)

.fini_array     0x00000000080006c0        0x4
                0x00000000080006c0                . = ALIGN (0x4)
                [!provide]                        PROVIDE (__fini_array_start = .)
 *(SORT_BY_NAME(.fini_array.*))
 *(.fini_array*)
 .fini_array    0x00000000080006c0        0x4 C:/ST/STM32CubeIDE_1.13.1/STM32CubeIDE/plugins/com.st.stm32cube.ide.mcu.externaltools.gnu-tools-for-stm32.11.3.rel1.win32_1.1.0.202305231506/tools/bin/../lib/gcc/arm-none-eabi/11.3.1/thumb/v7e-m+fp/hard/crtbegin.o
                [!provide]                        PROVIDE (__fini_array_end = .)
                0x00000000080006c4                . = ALIGN (0x4)
                0x00000000080006c4                _sidata = LOADADDR (.data)

.data           0x0000000020000000        0x0 load address 0x00000000080006c4
                0x0000000020000000                . = ALIGN (0x4)
                0x0000000020000000                _sdata = .
 *(.data)
 *(.data*)
 *(.RamFunc)
 *(.RamFunc*)
                0x0000000020000000                . = ALIGN (0x4)
                0x0000000020000000                _edata = .
                0x00000000080006c4                _siccmram = LOADADDR (.ccmram)

.igot.plt       0x0000000020000000        0x0 load address 0x00000000080006c4
 .igot.plt      0x0000000020000000        0x0 C:/ST/STM32CubeIDE_1.13.1/STM32CubeIDE/plugins/com.st.stm32cube.ide.mcu.externaltools.gnu-tools-for-stm32.11.3.rel1.win32_1.1.0.202305231506/tools/bin/../lib/gcc/arm-none-eabi/11.3.1/thumb/v7e-m+fp/hard/crtbegin.o

.ccmram         0x0000000010000000        0x0 load address 0x00000000080006c4
                0x0000000010000000                . = ALIGN (0x4)
                0x0000000010000000                _sccmram = .
 *(.ccmram)
 *(.ccmram*)
                0x0000000010000000                . = ALIGN (0x4)
                0x0000000010000000                _eccmram = .
                0x0000000010000000                . = ALIGN (0x4)

.bss            0x0000000020000000       0x38
                0x0000000020000000                _sbss = .
                0x0000000020000000                __bss_start__ = _sbss
 *(.bss)
 .bss           0x0000000020000000       0x1c C:/ST/STM32CubeIDE_1.13.1/STM32CubeIDE/plugins/com.st.stm32cube.ide.mcu.externaltools.gnu-tools-for-stm32.11.3.rel1.win32_1.1.0.202305231506/tools/bin/../lib/gcc/arm-none-eabi/11.3.1/thumb/v7e-m+fp/hard/crtbegin.o
 *(.bss*)
 .bss.x         0x000000002000001c        0x2 ./Src/main.o
                0x000000002000001c                x
 .bss.y         0x000000002000001e        0x2 ./Src/main.o
                0x000000002000001e                y
 .bss.z         0x0000000020000020        0x2 ./Src/main.o
                0x0000000020000020                z
 *fill*         0x0000000020000022        0x2 
 .bss.xg        0x0000000020000024        0x4 ./Src/main.o
                0x0000000020000024                xg
 .bss.yg        0x0000000020000028        0x4 ./Src/main.o
                0x0000000020000028                yg
 .bss.zg        0x000000002000002c        0x4 ./Src/main.o
                0x000000002000002c                zg
 .bss.data_rec  0x0000000020000030        0x6 ./Src/main.o
                0x0000000020000030                data_rec
 *(COMMON)
                0x0000000020000038                . = ALIGN (0x4)
 *fill*         0x0000000020000036        0x2 
                0x0000000020000038                _ebss = .
                0x0000000020000038                __bss_end__ = _ebss

._user_heap_stack
                0x0000000020000038      0x600
                0x0000000020000038                . = ALIGN (0x8)
                [!provide]                        PROVIDE (end = .)
                0x0000000020000038                PROVIDE (_end = .)
                0x0000000020000238                . = (. + _Min_Heap_Size)
 *fill*         0x0000000020000038      0x200 
                0x0000000020000638                . = (. + _Min_Stack_Size)
 *fill*         0x0000000020000238      0x400 
                0x0000000020000638                . = ALIGN (0x8)

/DISCARD/
 libc.a(*)
 libm.a(*)
 libgcc.a(*)

.ARM.attributes
                0x0000000000000000       0x30
 *(.ARM.attributes)
 .ARM.attributes
                0x0000000000000000       0x1e C:/ST/STM32CubeIDE_1.13.1/STM32CubeIDE/plugins/com.st.stm32cube.ide.mcu.externaltools.gnu-tools-for-stm32.11.3.rel1.win32_1.1.0.202305231506/tools/bin/../lib/gcc/arm-none-eabi/11.3.1/thumb/v7e-m+fp/hard/crti.o
 .ARM.attributes
                0x000000000000001e       0x34 C:/ST/STM32CubeIDE_1.13.1/STM32CubeIDE/plugins/com.st.stm32cube.ide.mcu.externaltools.gnu-tools-for-stm32.11.3.rel1.win32_1.1.0.202305231506/tools/bin/../lib/gcc/arm-none-eabi/11.3.1/thumb/v7e-m+fp/hard/crtbegin.o
 .ARM.attributes
                0x0000000000000052       0x34 ./Src/adxl.o
 .ARM.attributes
                0x0000000000000086       0x34 ./Src/main.o
 .ARM.attributes
                0x00000000000000ba       0x34 ./Src/spi.o
 .ARM.attributes
                0x00000000000000ee       0x21 ./Startup/startup_stm32f407vgtx.o
 .ARM.attributes
                0x000000000000010f       0x34 C:/ST/STM32CubeIDE_1.13.1/STM32CubeIDE/plugins/com.st.stm32cube.ide.mcu.externaltools.gnu-tools-for-stm32.11.3.rel1.win32_1.1.0.202305231506/tools/bin/../lib/gcc/arm-none-eabi/11.3.1/../../../../arm-none-eabi/lib/thumb/v7e-m+fp/hard\libc_nano.a(libc_a-init.o)
 .ARM.attributes
                0x0000000000000143       0x1e C:/ST/STM32CubeIDE_1.13.1/STM32CubeIDE/plugins/com.st.stm32cube.ide.mcu.externaltools.gnu-tools-for-stm32.11.3.rel1.win32_1.1.0.202305231506/tools/bin/../lib/gcc/arm-none-eabi/11.3.1/thumb/v7e-m+fp/hard/crtn.o
OUTPUT(23_SPI_protocol.elf elf32-littlearm)
LOAD linker stubs
LOAD C:/ST/STM32CubeIDE_1.13.1/STM32CubeIDE/plugins/com.st.stm32cube.ide.mcu.externaltools.gnu-tools-for-stm32.11.3.rel1.win32_1.1.0.202305231506/tools/bin/../lib/gcc/arm-none-eabi/11.3.1/../../../../arm-none-eabi/lib/thumb/v7e-m+fp/hard\libc.a
LOAD C:/ST/STM32CubeIDE_1.13.1/STM32CubeIDE/plugins/com.st.stm32cube.ide.mcu.externaltools.gnu-tools-for-stm32.11.3.rel1.win32_1.1.0.202305231506/tools/bin/../lib/gcc/arm-none-eabi/11.3.1/../../../../arm-none-eabi/lib/thumb/v7e-m+fp/hard\libm.a
LOAD C:/ST/STM32CubeIDE_1.13.1/STM32CubeIDE/plugins/com.st.stm32cube.ide.mcu.externaltools.gnu-tools-for-stm32.11.3.rel1.win32_1.1.0.202305231506/tools/bin/../lib/gcc/arm-none-eabi/11.3.1/thumb/v7e-m+fp/hard\libgcc.a

.comment        0x0000000000000000       0x43
 .comment       0x0000000000000000       0x43 C:/ST/STM32CubeIDE_1.13.1/STM32CubeIDE/plugins/com.st.stm32cube.ide.mcu.externaltools.gnu-tools-for-stm32.11.3.rel1.win32_1.1.0.202305231506/tools/bin/../lib/gcc/arm-none-eabi/11.3.1/thumb/v7e-m+fp/hard/crtbegin.o
                                         0x44 (size before relaxing)
 .comment       0x0000000000000043       0x44 ./Src/adxl.o
 .comment       0x0000000000000043       0x44 ./Src/main.o
 .comment       0x0000000000000043       0x44 ./Src/spi.o

.debug_info     0x0000000000000000      0x730
 .debug_info    0x0000000000000000      0x17c ./Src/adxl.o
 .debug_info    0x000000000000017c      0x185 ./Src/main.o
 .debug_info    0x0000000000000301      0x40c ./Src/spi.o
 .debug_info    0x000000000000070d       0x23 ./Startup/startup_stm32f407vgtx.o

.debug_abbrev   0x0000000000000000      0x2f9
 .debug_abbrev  0x0000000000000000      0x10a ./Src/adxl.o
 .debug_abbrev  0x000000000000010a       0xcd ./Src/main.o
 .debug_abbrev  0x00000000000001d7      0x110 ./Src/spi.o
 .debug_abbrev  0x00000000000002e7       0x12 ./Startup/startup_stm32f407vgtx.o

.debug_aranges  0x0000000000000000       0xc0
 .debug_aranges
                0x0000000000000000       0x30 ./Src/adxl.o
 .debug_aranges
                0x0000000000000030       0x20 ./Src/main.o
 .debug_aranges
                0x0000000000000050       0x48 ./Src/spi.o
 .debug_aranges
                0x0000000000000098       0x28 ./Startup/startup_stm32f407vgtx.o

.debug_rnglists
                0x0000000000000000       0x7f
 .debug_rnglists
                0x0000000000000000       0x1f ./Src/adxl.o
 .debug_rnglists
                0x000000000000001f       0x14 ./Src/main.o
 .debug_rnglists
                0x0000000000000033       0x33 ./Src/spi.o
 .debug_rnglists
                0x0000000000000066       0x19 ./Startup/startup_stm32f407vgtx.o

.debug_macro    0x0000000000000000     0x1d92
 .debug_macro   0x0000000000000000       0x88 ./Src/adxl.o
 .debug_macro   0x0000000000000088      0xab4 ./Src/adxl.o
 .debug_macro   0x0000000000000b3c       0x22 ./Src/adxl.o
 .debug_macro   0x0000000000000b5e       0x8e ./Src/adxl.o
 .debug_macro   0x0000000000000bec       0x51 ./Src/adxl.o
 .debug_macro   0x0000000000000c3d      0x103 ./Src/adxl.o
 .debug_macro   0x0000000000000d40       0x6a ./Src/adxl.o
 .debug_macro   0x0000000000000daa      0x1df ./Src/adxl.o
 .debug_macro   0x0000000000000f89       0x34 ./Src/adxl.o
 .debug_macro   0x0000000000000fbd      0x1df ./Src/main.o
 .debug_macro   0x000000000000119c       0x61 ./Src/main.o
 .debug_macro   0x00000000000011fd       0x2a ./Src/main.o
 .debug_macro   0x0000000000001227       0x43 ./Src/main.o
 .debug_macro   0x000000000000126a       0x34 ./Src/main.o
 .debug_macro   0x000000000000129e       0x16 ./Src/main.o
 .debug_macro   0x00000000000012b4       0x97 ./Src/main.o
 .debug_macro   0x000000000000134b      0x369 ./Src/main.o
 .debug_macro   0x00000000000016b4       0xfd ./Src/main.o
 .debug_macro   0x00000000000017b1       0x10 ./Src/main.o
 .debug_macro   0x00000000000017c1       0x16 ./Src/main.o
 .debug_macro   0x00000000000017d7       0x43 ./Src/main.o
 .debug_macro   0x000000000000181a       0x34 ./Src/main.o
 .debug_macro   0x000000000000184e       0x10 ./Src/main.o
 .debug_macro   0x000000000000185e       0x58 ./Src/main.o
 .debug_macro   0x00000000000018b6       0x8e ./Src/main.o
 .debug_macro   0x0000000000001944       0x1c ./Src/main.o
 .debug_macro   0x0000000000001960      0x177 ./Src/main.o
 .debug_macro   0x0000000000001ad7       0x16 ./Src/main.o
 .debug_macro   0x0000000000001aed       0x16 ./Src/main.o
 .debug_macro   0x0000000000001b03      0x147 ./Src/main.o
 .debug_macro   0x0000000000001c4a       0x1c ./Src/main.o
 .debug_macro   0x0000000000001c66      0x12c ./Src/spi.o

.debug_line     0x0000000000000000     0x1252
 .debug_line    0x0000000000000000      0x45a ./Src/adxl.o
 .debug_line    0x000000000000045a      0x736 ./Src/main.o
 .debug_line    0x0000000000000b90      0x647 ./Src/spi.o
 .debug_line    0x00000000000011d7       0x7b ./Startup/startup_stm32f407vgtx.o

.debug_str      0x0000000000000000    0x8bd8b
 .debug_str     0x0000000000000000     0x3cc2 ./Src/adxl.o
                                       0x3e3b (size before relaxing)
 .debug_str     0x0000000000003cc2    0x87e23 ./Src/main.o
                                      0x8bc39 (size before relaxing)
 .debug_str     0x000000000008bae5      0x250 ./Src/spi.o
                                      0x8832e (size before relaxing)
 .debug_str     0x000000000008bd35       0x56 ./Startup/startup_stm32f407vgtx.o

.debug_frame    0x0000000000000000      0x1ac
 .debug_frame   0x0000000000000000       0x74 ./Src/adxl.o
 .debug_frame   0x0000000000000074       0x2c ./Src/main.o
 .debug_frame   0x00000000000000a0       0xe0 ./Src/spi.o
 .debug_frame   0x0000000000000180       0x2c C:/ST/STM32CubeIDE_1.13.1/STM32CubeIDE/plugins/com.st.stm32cube.ide.mcu.externaltools.gnu-tools-for-stm32.11.3.rel1.win32_1.1.0.202305231506/tools/bin/../lib/gcc/arm-none-eabi/11.3.1/../../../../arm-none-eabi/lib/thumb/v7e-m+fp/hard\libc_nano.a(libc_a-init.o)

.debug_line_str
                0x0000000000000000       0x4a
 .debug_line_str
                0x0000000000000000       0x4a ./Startup/startup_stm32f407vgtx.o
                                         0x62 (size before relaxing)
