23:09:24 **** Build of configuration Debug for project 10_ADC_continuos ****
make -j12 all 
arm-none-eabi-gcc "../Src/adc.c" -mcpu=cortex-m4 -std=gnu11 -g3 -DDEBUG -DSTM32 -DSTM32F4 -DSTM32F407VGTx -DSTM32F407xx -c -I../Inc -I"C:/Users/kunal/STM32/chip_headers/CMSIS/Device/ST/STM32F4xx/Include" -I"C:/Users/kunal/STM32/chip_headers/CMSIS/Include" -O0 -ffunction-sections -fdata-sections -Wall -fstack-usage -fcyclomatic-complexity -MMD -MP -MF"Src/adc.d" -MT"Src/adc.o" --specs=nano.specs -mfpu=fpv4-sp-d16 -mfloat-abi=hard -mthumb -o "Src/adc.o"
arm-none-eabi-gcc -o "10_ADC_continuos.elf" @"objects.list"   -mcpu=cortex-m4 -T"C:\Users\kunal\STM32\10_ADC_continuos\STM32F407VGTX_FLASH.ld" --specs=nosys.specs -Wl,-Map="10_ADC_continuos.map" -Wl,--gc-sections -static --specs=nano.specs -mfpu=fpv4-sp-d16 -mfloat-abi=hard -mthumb -Wl,--start-group -lc -lm -Wl,--end-group
Finished building target: 10_ADC_continuos.elf
 
arm-none-eabi-size   10_ADC_continuos.elf 
arm-none-eabi-objdump -h -S  10_ADC_continuos.elf  > "10_ADC_continuos.list"
   text	   data	    bss	    dec	    hex	filename
   5400	    100	   1908	   7408	   1cf0	10_ADC_continuos.elf
Finished building: default.size.stdout
 
Finished building: 10_ADC_continuos.list
 

23:09:25 Build Finished. 0 errors, 0 warnings. (took 1s.359ms)

