18:11:22 **** Incremental Build of configuration Debug for project 13_timer_output_compare ****
make -j12 all 
arm-none-eabi-gcc "../Src/timer.c" -mcpu=cortex-m4 -std=gnu11 -g3 -DDEBUG -DSTM32 -DSTM32F4 -DSTM32F407VGTx -DSTM32F407xx -c -I../Inc -I"C:/Users/kunal/STM32/chip_headers/CMSIS/Device/ST/STM32F4xx/Include" -I"C:/Users/kunal/STM32/chip_headers/CMSIS/Include" -O0 -ffunction-sections -fdata-sections -Wall -fstack-usage -fcyclomatic-complexity -MMD -MP -MF"Src/timer.d" -MT"Src/timer.o" --specs=nano.specs -mfpu=fpv4-sp-d16 -mfloat-abi=hard -mthumb -o "Src/timer.o"
arm-none-eabi-gcc -o "13_timer_output_compare.elf" @"objects.list"   -mcpu=cortex-m4 -T"C:\Users\kunal\STM32\13_timer_output_compare\STM32F407VGTX_FLASH.ld" --specs=nosys.specs -Wl,-Map="13_timer_output_compare.map" -Wl,--gc-sections -static --specs=nano.specs -mfpu=fpv4-sp-d16 -mfloat-abi=hard -mthumb -Wl,--start-group -lc -lm -Wl,--end-group
Finished building target: 13_timer_output_compare.elf
 
arm-none-eabi-size   13_timer_output_compare.elf 
arm-none-eabi-objdump -h -S  13_timer_output_compare.elf  > "13_timer_output_compare.list"
   text	   data	    bss	    dec	    hex	filename
    864	      8	   1568	   2440	    988	13_timer_output_compare.elf
Finished building: default.size.stdout
 
Finished building: 13_timer_output_compare.list
 

18:11:23 Build Finished. 0 errors, 0 warnings. (took 857ms)

