21:34:38 **** Incremental Build of configuration Debug for project 20_timer_interrupt ****
make -j12 all 
arm-none-eabi-gcc "../Src/main.c" -mcpu=cortex-m4 -std=gnu11 -g3 -DDEBUG -DSTM32 -DSTM32F4 -DSTM32F407VGTx -DSTM32F407xx -c -I../Inc -I"C:/Users/kunal/STM32/chip_headers/CMSIS/Device/ST/STM32F4xx/Include" -I"C:/Users/kunal/STM32/chip_headers/CMSIS/Include" -O0 -ffunction-sections -fdata-sections -Wall -fstack-usage -fcyclomatic-complexity -MMD -MP -MF"Src/main.d" -MT"Src/main.o" --specs=nano.specs -mfpu=fpv4-sp-d16 -mfloat-abi=hard -mthumb -o "Src/main.o"
arm-none-eabi-gcc -o "20_timer_interrupt.elf" @"objects.list"   -mcpu=cortex-m4 -T"C:\Users\kunal\STM32\20_timer_interrupt\STM32F407VGTX_FLASH.ld" --specs=nosys.specs -Wl,-Map="20_timer_interrupt.map" -Wl,--gc-sections -static --specs=nano.specs -mfpu=fpv4-sp-d16 -mfloat-abi=hard -mthumb -Wl,--start-group -lc -lm -Wl,--end-group
Finished building target: 20_timer_interrupt.elf
 
arm-none-eabi-size   20_timer_interrupt.elf 
arm-none-eabi-objdump -h -S  20_timer_interrupt.elf  > "20_timer_interrupt.list"
   text	   data	    bss	    dec	    hex	filename
   5368	    100	   1900	   7368	   1cc8	20_timer_interrupt.elf
Finished building: default.size.stdout
 
Finished building: 20_timer_interrupt.list
 

21:34:39 Build Finished. 0 errors, 0 warnings. (took 950ms)

