16:32:06 **** Incremental Build of configuration Debug for project 22_I2C_protocol ****
make -j12 all 
arm-none-eabi-gcc "../Src/main.c" -mcpu=cortex-m4 -std=gnu11 -g3 -DDEBUG -DSTM32 -DSTM32F4 -DSTM32F407VGTx -DSTM32F407xx -c -I../Inc -I"C:/Users/kunal/STM32/chip_headers/CMSIS/Device/ST/STM32F4xx/Include" -I"C:/Users/kunal/STM32/chip_headers/CMSIS/Include" -O0 -ffunction-sections -fdata-sections -Wall -fstack-usage -fcyclomatic-complexity -MMD -MP -MF"Src/main.d" -MT"Src/main.o" --specs=nano.specs -mfpu=fpv4-sp-d16 -mfloat-abi=hard -mthumb -o "Src/main.o"
arm-none-eabi-gcc -o "22_I2C_protocol.elf" @"objects.list"   -mcpu=cortex-m4 -T"C:\Users\kunal\STM32\22_I2C_protocol\STM32F407VGTX_FLASH.ld" --specs=nosys.specs -Wl,-Map="22_I2C_protocol.map" -Wl,--gc-sections -static --specs=nano.specs -mfpu=fpv4-sp-d16 -mfloat-abi=hard -mthumb -Wl,--start-group -lc -lm -Wl,--end-group
Finished building target: 22_I2C_protocol.elf
 
arm-none-eabi-size   22_I2C_protocol.elf 
arm-none-eabi-objdump -h -S  22_I2C_protocol.elf  > "22_I2C_protocol.list"
   text	   data	    bss	    dec	    hex	filename
   2096	      8	   1592	   3696	    e70	22_I2C_protocol.elf
Finished building: default.size.stdout
 
Finished building: 22_I2C_protocol.list
 

16:32:07 Build Finished. 0 errors, 0 warnings. (took 516ms)

