12:54:59 **** Build of configuration Debug for project 8_UART_Rx ****
make -j12 all 
arm-none-eabi-gcc "../Src/main.c" -mcpu=cortex-m4 -std=gnu11 -g3 -DDEBUG -DSTM32 -DSTM32F4 -DSTM32F407VGTx -DSTM32F407xx -c -I../Inc -I"C:/Users/kunal/STM32/chip_headers/CMSIS/Device/ST/STM32F4xx/Include" -I"C:/Users/kunal/STM32/chip_headers/CMSIS/Include" -O0 -ffunction-sections -fdata-sections -Wall -fstack-usage -fcyclomatic-complexity -MMD -MP -MF"Src/main.d" -MT"Src/main.o" --specs=nano.specs -mfpu=fpv4-sp-d16 -mfloat-abi=hard -mthumb -o "Src/main.o"
arm-none-eabi-gcc "../Src/uart.c" -mcpu=cortex-m4 -std=gnu11 -g3 -DDEBUG -DSTM32 -DSTM32F4 -DSTM32F407VGTx -DSTM32F407xx -c -I../Inc -I"C:/Users/kunal/STM32/chip_headers/CMSIS/Device/ST/STM32F4xx/Include" -I"C:/Users/kunal/STM32/chip_headers/CMSIS/Include" -O0 -ffunction-sections -fdata-sections -Wall -fstack-usage -fcyclomatic-complexity -MMD -MP -MF"Src/uart.d" -MT"Src/uart.o" --specs=nano.specs -mfpu=fpv4-sp-d16 -mfloat-abi=hard -mthumb -o "Src/uart.o"
arm-none-eabi-gcc -o "8_UART_Rx.elf" @"objects.list"   -mcpu=cortex-m4 -T"C:\Users\kunal\STM32\8_UART_Rx\STM32F407VGTX_FLASH.ld" --specs=nosys.specs -Wl,-Map="8_UART_Rx.map" -Wl,--gc-sections -static --specs=nano.specs -mfpu=fpv4-sp-d16 -mfloat-abi=hard -mthumb -Wl,--start-group -lc -lm -Wl,--end-group
Finished building target: 8_UART_Rx.elf
 
arm-none-eabi-size   8_UART_Rx.elf 
arm-none-eabi-objdump -h -S  8_UART_Rx.elf  > "8_UART_Rx.list"
   text	   data	    bss	    dec	    hex	filename
   1112	      8	   1568	   2688	    a80	8_UART_Rx.elf
Finished building: default.size.stdout
 
Finished building: 8_UART_Rx.list
 

12:55:00 Build Finished. 0 errors, 0 warnings. (took 496ms)

