23:44:07 **** Incremental Build of configuration Debug for project 9_ADC ****
make -j12 all 
arm-none-eabi-gcc "../Src/adc.c" -mcpu=cortex-m4 -std=gnu11 -g3 -DDEBUG -DSTM32 -DSTM32F4 -DSTM32F407VGTx -DSTM32F407xx -c -I../Inc -I"C:/Users/kunal/STM32/chip_headers/CMSIS/Device/ST/STM32F4xx/Include" -I"C:/Users/kunal/STM32/chip_headers/CMSIS/Include" -O0 -ffunction-sections -fdata-sections -Wall -fstack-usage -fcyclomatic-complexity -MMD -MP -MF"Src/adc.d" -MT"Src/adc.o" --specs=nano.specs -mfpu=fpv4-sp-d16 -mfloat-abi=hard -mthumb -o "Src/adc.o"
arm-none-eabi-gcc -o "9_ADC.elf" @"objects.list"   -mcpu=cortex-m4 -T"C:\Users\kunal\STM32\9_ADC\STM32F407VGTX_FLASH.ld" --specs=nosys.specs -Wl,-Map="9_ADC.map" -Wl,--gc-sections -static --specs=nano.specs -mfpu=fpv4-sp-d16 -mfloat-abi=hard -mthumb -Wl,--start-group -lc -lm -Wl,--end-group
Finished building target: 9_ADC.elf
 
arm-none-eabi-size   9_ADC.elf 
arm-none-eabi-objdump -h -S  9_ADC.elf  > "9_ADC.list"
   text	   data	    bss	    dec	    hex	filename
   5388	    100	   1908	   7396	   1ce4	9_ADC.elf
Finished building: default.size.stdout
 
Finished building: 9_ADC.list
 

23:44:08 Build Finished. 0 errors, 0 warnings. (took 1s.413ms)

